╔═════════════════════════════════╗
║  .   .   O   .   O   .   .   O  ║
║  .   .   .   .   .   .   .   O  ║
║  .   O   O   O   O   .   .   O  ║
║  .   .   .   .   .   .   .   .  ║
║  O   .   O   O   O   .   .   O  ║
║  .   .   .   .   .   .   .   O  ║
║  .   .   .   .   .   O   .   .  ║
║  .   O   O   .   .   O   .   .  ║
╚═════════════════════════════════╝ 

╔═════════════════════════════════╗
║  .   .   O   .   O   .   .   O  ║
║  .   .   .   .   .   .   .   O  ║
║  O   .   O   O   O   .   .   O  ║
║  .   .   .   .   .   .   .   .  ║
║  .   O   O   O   O   .   .   O  ║
║  .   .   .   .   .   .   .   O  ║
║  .   .   .   .   .   O   .   .  ║
║  .   O   O   .   .   O   .   .  ║
╚═════════════════════════════════╝ 

╔═════════════════════════════════╗
║  .   .   O   .   O   .   .   O  ║
║  .   .   .   .   .   .   .   O  ║
║  O   O   O   .   O   .   .   O  ║
║  .   .   .   .   .   .   .   .  ║
║  .   O   O   O   O   .   .   O  ║
║  .   .   .   .   .   .   .   O  ║
║  .   .   .   .   .   O   .   .  ║
║  .   .   O   O   .   O   .   .  ║
╚═════════════════════════════════╝ 

╔═════════════════════════════════╗
║  .   .   O   .   O   .   .   O  ║
║  .   .   .   .   .   .   .   O  ║
║  O   O   O   .   O   O   .   .  ║
║  .   .   .   .   .   .   .   .  ║
║  .   O   O   O   O   .   .   O  ║
║  .   .   .   .   .   .   .   O  ║
║  .   .   .   .   .   .   .   O  ║
║  .   .   O   O   .   O   .   .  ║
╚═════════════════════════════════╝ 

╔═════════════════════════════════╗
║  .   .   O   O   O   .   .   .  ║
║  .   .   .   .   .   .   .   O  ║
║  .   O   O   .   O   O   .   O  ║
║  .   .   .   .   .   .   .   .  ║
║  .   O   O   O   O   .   .   O  ║
║  .   .   .   .   .   .   .   O  ║
║  .   .   .   .   .   .   .   O  ║
║  O   .   O   .   .   O   .   .  ║
╚═════════════════════════════════╝ 

╔═════════════════════════════════╗
║  .   .   O   O   O   .   .   .  ║
║  .   .   .   .   .   .   .   O  ║
║  O   .   O   .   O   O   .   O  ║
║  .   .   .   .   .   .   .   .  ║
║  .   O   O   O   O   .   .   O  ║
║  .   .   .   .   .   .   .   O  ║
║  .   .   .   .   .   .   .   O  ║
║  .   O   O   .   .   O   .   .  ║
╚═════════════════════════════════╝ 

╔═════════════════════════════════╗
║  .   .   O   O   O   .   .   .  ║
║  .   .   .   .   .   .   .   O  ║
║  O   O   O   .   O   .   .   O  ║
║  .   .   .   .   .   .   .   .  ║
║  .   O   O   O   O   .   .   O  ║
║  .   .   .   .   .   .   .   O  ║
║  .   .   .   .   .   O   .   .  ║
║  .   .   O   .   .   O   .   O  ║
╚═════════════════════════════════╝ 

╔═════════════════════════════════╗
║  .   O   O   .   O   .   .   .  ║
║  .   .   .   .   .   .   .   O  ║
║  .   .   O   O   O   O   .   O  ║
║  .   .   .   .   .   .   .   .  ║
║  O   .   O   O   O   .   .   O  ║
║  .   .   .   .   .   .   .   O  ║
║  .   .   .   .   .   .   .   O  ║
║  .   O   O   .   .   O   .   .  ║
╚═════════════════════════════════╝ 

╔═════════════════════════════════╗
║  .   O   O   .   O   .   .   .  ║
║  .   .   .   .   .   .   .   O  ║
║  O   .   O   O   O   .   .   O  ║
║  .   .   .   .   .   .   .   .  ║
║  .   .   O   O   O   O   .   O  ║
║  .   .   .   .   .   .   .   O  ║
║  .   .   .   .   .   .   .   O  ║
║  .   O   O   .   .   O   .   .  ║
╚═════════════════════════════════╝ 

╔═════════════════════════════════╗
║  .   O   O   .   O   .   .   .  ║
║  .   .   .   .   .   .   .   O  ║
║  O   O   O   .   O   .   .   O  ║
║  .   .   .   .   .   .   .   .  ║
║  .   .   O   O   O   O   .   O  ║
║  .   .   .   .   .   .   .   O  ║
║  .   .   .   .   .   .   .   O  ║
║  .   .   O   O   .   O   .   .  ║
╚═════════════════════════════════╝ 

10 solutions in total.
