╔═════════════════════════╗
║  .   O   .   O   .   O  ║
║  .   .   .   O   .   O  ║
║  .   O   .   O   .   .  ║
║  .   .   .   .   .   .  ║
║  O   .   .   O   .   .  ║
║  O   .   .   .   .   .  ║
╚═════════════════════════╝ 

╔═════════════════════════╗
║  .   O   .   O   .   O  ║
║  .   O   .   O   .   .  ║
║  .   .   .   O   .   O  ║
║  .   .   .   .   .   .  ║
║  O   .   .   O   .   .  ║
║  O   .   .   .   .   .  ║
╚═════════════════════════╝ 

2 solutions in total.
