╔═════════════════════════╗
║  O   .   O   .   .   .  ║
║  .   .   .   .   O   O  ║
║  .   .   .   .   .   .  ║
║  O   .   .   .   O   .  ║
║  O   .   .   .   .   .  ║
║  O   .   .   O   O   .  ║
╚═════════════════════════╝ 

1 solutions in total.
