╔═════════════════════════════════════════╗
║  .   .   .   .   .   .   .   .   .   .  ║
║  .   .   .   .   O   .   .   .   .   .  ║
║  .   .   O   .   O   .   .   .   .   O  ║
║  .   .   O   .   O   .   .   O   .   .  ║
║  .   .   O   .   .   .   .   .   .   .  ║
║  .   .   .   .   O   .   .   .   .   .  ║
║  .   O   .   .   O   .   .   .   .   .  ║
║  .   .   .   .   .   .   .   .   O   O  ║
║  .   .   .   .   .   .   .   .   .   .  ║
║  O   .   O   O   O   O   .   O   O   .  ║
╚═════════════════════════════════════════╝ 

╔═════════════════════════════════════════╗
║  .   .   .   .   .   .   .   .   .   .  ║
║  .   .   .   .   O   .   .   .   .   .  ║
║  .   .   O   .   O   .   .   O   .   .  ║
║  .   .   O   .   O   .   .   .   .   O  ║
║  .   .   O   .   .   .   .   .   .   .  ║
║  .   .   .   .   O   .   .   .   .   .  ║
║  .   O   .   .   O   .   .   .   .   .  ║
║  .   .   .   .   .   .   .   .   O   O  ║
║  .   .   .   .   .   .   .   .   .   .  ║
║  O   .   O   O   O   O   .   O   O   .  ║
╚═════════════════════════════════════════╝ 

╔═════════════════════════════════════════╗
║  .   .   .   .   .   .   .   .   .   .  ║
║  .   .   .   .   O   .   .   .   .   .  ║
║  .   O   O   .   O   .   .   .   .   .  ║
║  .   .   .   .   O   .   .   O   O   .  ║
║  .   .   O   .   .   .   .   .   .   .  ║
║  .   .   .   .   O   .   .   .   .   .  ║
║  .   .   O   .   O   .   .   .   .   .  ║
║  O   .   .   .   .   .   .   .   .   O  ║
║  .   .   .   .   .   .   .   .   .   .  ║
║  .   .   O   O   O   O   .   O   O   O  ║
╚═════════════════════════════════════════╝ 

3 solutions in total.
