╔═════════════════════════════════╗
║  .   .   .   .   .   .   .   O  ║
║  .   .   O   .   O   O   .   O  ║
║  O   .   .   .   .   .   .   O  ║
║  .   .   .   .   .   O   .   .  ║
║  O   .   .   O   .   O   .   .  ║
║  O   .   .   O   .   .   .   O  ║
║  O   .   .   .   .   .   .   .  ║
║  O   .   .   O   O   O   .   .  ║
╚═════════════════════════════════╝ 

╔═════════════════════════════════╗
║  .   .   .   .   .   .   .   O  ║
║  .   .   O   .   O   O   .   O  ║
║  O   .   .   .   .   .   .   O  ║
║  .   .   .   O   .   .   .   .  ║
║  O   .   .   O   .   O   .   .  ║
║  O   .   .   .   .   O   .   O  ║
║  O   .   .   .   .   .   .   .  ║
║  O   .   .   O   O   O   .   .  ║
╚═════════════════════════════════╝ 

╔═════════════════════════════════╗
║  .   .   .   .   .   .   .   O  ║
║  .   .   O   O   O   O   .   .  ║
║  O   .   .   .   .   .   .   O  ║
║  O   .   .   .   .   .   .   .  ║
║  O   .   .   .   .   O   .   O  ║
║  .   .   .   O   .   O   .   O  ║
║  O   .   .   .   .   .   .   .  ║
║  O   .   .   O   O   O   .   .  ║
╚═════════════════════════════════╝ 

╔═════════════════════════════════╗
║  O   .   .   .   .   .   .   .  ║
║  .   .   O   O   O   O   .   .  ║
║  O   .   .   .   .   .   .   O  ║
║  O   .   .   .   .   .   .   .  ║
║  O   .   .   O   .   O   .   .  ║
║  .   .   .   O   .   O   .   O  ║
║  .   .   .   .   .   .   .   O  ║
║  O   .   .   .   O   O   .   O  ║
╚═════════════════════════════════╝ 

4 solutions in total.
